// Jest Snapshot v1, https://goo.gl/fbAQLP

exports[`Renders correctly 1`] = `
<ul>
  <li
    onClick={[Function]}
  >
    English
  </li>
  <li
    onClick={[Function]}
  >
    日本語
  </li>
</ul>
`;
